
Merging program properties

Removed property 0xc0000002 to merge bio.o (0x3) and entry.o (not found)
Removed property 0xc0000002 to merge bio.o (not found) and console.o (0x3)
Removed property 0xc0000002 to merge bio.o (not found) and exec.o (0x3)
Removed property 0xc0000002 to merge bio.o (not found) and file.o (0x3)
Removed property 0xc0000002 to merge bio.o (not found) and fs.o (0x3)
Removed property 0xc0000002 to merge bio.o (not found) and ide.o (0x3)
Removed property 0xc0000002 to merge bio.o (not found) and ioapic.o (0x3)
Removed property 0xc0000002 to merge bio.o (not found) and kalloc.o (0x3)
Removed property 0xc0000002 to merge bio.o (not found) and kbd.o (0x3)
Removed property 0xc0000002 to merge bio.o (not found) and lapic.o (0x3)
Removed property 0xc0000002 to merge bio.o (not found) and log.o (0x3)
Removed property 0xc0000002 to merge bio.o (not found) and main.o (0x3)
Removed property 0xc0000002 to merge bio.o (not found) and mp.o (0x3)
Removed property 0xc0000002 to merge bio.o (not found) and picirq.o (0x3)
Removed property 0xc0000002 to merge bio.o (not found) and pipe.o (0x3)
Removed property 0xc0000002 to merge bio.o (not found) and proc.o (0x3)
Removed property 0xc0000002 to merge bio.o (not found) and sleeplock.o (0x3)
Removed property 0xc0000002 to merge bio.o (not found) and spinlock.o (0x3)
Removed property 0xc0000002 to merge bio.o (not found) and string.o (0x3)
Removed property 0xc0000002 to merge bio.o (not found) and syscall.o (0x3)
Removed property 0xc0000002 to merge bio.o (not found) and sysfile.o (0x3)
Removed property 0xc0000002 to merge bio.o (not found) and sysproc.o (0x3)
Removed property 0xc0000002 to merge bio.o (not found) and trap.o (0x3)
Removed property 0xc0000002 to merge bio.o (not found) and uart.o (0x3)
Removed property 0xc0000002 to merge bio.o (not found) and vm.o (0x3)

Allocating common symbols
Common symbol       size              file

log                 0xc4              log.o
kmem                0x3c              kalloc.o
ioapicid            0x1               mp.o
ioapic              0x4               ioapic.o
bcache              0x4958            bio.o
input               0x8c              console.o
stack               0x1000            entry.o
kpgdir              0x4               vm.o
tickslock           0x34              trap.o
ftable              0x994             file.o
cpus                0x580             mp.o
sb                  0x1c              fs.o
lapic               0x4               lapic.o
idt                 0x800             trap.o
ncpu                0x4               mp.o
ticks               0x4               trap.o
ptable              0x2034            proc.o
devsw               0x50              file.o
icache              0x1c54            fs.o

Discarded input sections

 .note.GNU-stack
                0x0000000000000000        0x0 bio.o
 .note.gnu.property
                0x0000000000000000       0x1c bio.o
 .eh_frame      0x0000000000000000       0xd0 bio.o
 .note.GNU-stack
                0x0000000000000000        0x0 console.o
 .note.gnu.property
                0x0000000000000000       0x1c console.o
 .eh_frame      0x0000000000000000      0x190 console.o
 .note.GNU-stack
                0x0000000000000000        0x0 exec.o
 .note.gnu.property
                0x0000000000000000       0x1c exec.o
 .eh_frame      0x0000000000000000       0x48 exec.o
 .note.GNU-stack
                0x0000000000000000        0x0 file.o
 .note.gnu.property
                0x0000000000000000       0x1c file.o
 .eh_frame      0x0000000000000000      0x194 file.o
 .note.GNU-stack
                0x0000000000000000        0x0 fs.o
 .note.gnu.property
                0x0000000000000000       0x1c fs.o
 .eh_frame      0x0000000000000000      0x420 fs.o
 .note.GNU-stack
                0x0000000000000000        0x0 ide.o
 .note.gnu.property
                0x0000000000000000       0x1c ide.o
 .eh_frame      0x0000000000000000       0xcc ide.o
 .note.GNU-stack
                0x0000000000000000        0x0 ioapic.o
 .note.gnu.property
                0x0000000000000000       0x1c ioapic.o
 .eh_frame      0x0000000000000000       0x60 ioapic.o
 .note.GNU-stack
                0x0000000000000000        0x0 kalloc.o
 .note.gnu.property
                0x0000000000000000       0x1c kalloc.o
 .eh_frame      0x0000000000000000       0xe4 kalloc.o
 .note.GNU-stack
                0x0000000000000000        0x0 kbd.o
 .note.gnu.property
                0x0000000000000000       0x1c kbd.o
 .eh_frame      0x0000000000000000       0x7c kbd.o
 .note.GNU-stack
                0x0000000000000000        0x0 lapic.o
 .note.gnu.property
                0x0000000000000000       0x1c lapic.o
 .eh_frame      0x0000000000000000       0xbc lapic.o
 .note.GNU-stack
                0x0000000000000000        0x0 log.o
 .note.gnu.property
                0x0000000000000000       0x1c log.o
 .eh_frame      0x0000000000000000      0x118 log.o
 .note.GNU-stack
                0x0000000000000000        0x0 main.o
 .note.gnu.property
                0x0000000000000000       0x1c main.o
 .eh_frame      0x0000000000000000       0x78 main.o
 .note.GNU-stack
                0x0000000000000000        0x0 mp.o
 .note.gnu.property
                0x0000000000000000       0x1c mp.o
 .eh_frame      0x0000000000000000       0x84 mp.o
 .note.GNU-stack
                0x0000000000000000        0x0 picirq.o
 .note.gnu.property
                0x0000000000000000       0x1c picirq.o
 .eh_frame      0x0000000000000000       0x2c picirq.o
 .note.GNU-stack
                0x0000000000000000        0x0 pipe.o
 .note.gnu.property
                0x0000000000000000       0x1c pipe.o
 .eh_frame      0x0000000000000000       0xf8 pipe.o
 .note.GNU-stack
                0x0000000000000000        0x0 proc.o
 .note.gnu.property
                0x0000000000000000       0x1c proc.o
 .eh_frame      0x0000000000000000      0x308 proc.o
 .note.GNU-stack
                0x0000000000000000        0x0 sleeplock.o
 .note.gnu.property
                0x0000000000000000       0x1c sleeplock.o
 .eh_frame      0x0000000000000000       0xbc sleeplock.o
 .note.GNU-stack
                0x0000000000000000        0x0 spinlock.o
 .note.gnu.property
                0x0000000000000000       0x1c spinlock.o
 .eh_frame      0x0000000000000000      0x150 spinlock.o
 .note.GNU-stack
                0x0000000000000000        0x0 string.o
 .note.gnu.property
                0x0000000000000000       0x1c string.o
 .eh_frame      0x0000000000000000      0x174 string.o
 .note.GNU-stack
                0x0000000000000000        0x0 syscall.o
 .note.gnu.property
                0x0000000000000000       0x1c syscall.o
 .eh_frame      0x0000000000000000      0x118 syscall.o
 .note.GNU-stack
                0x0000000000000000        0x0 sysfile.o
 .note.gnu.property
                0x0000000000000000       0x1c sysfile.o
 .eh_frame      0x0000000000000000      0x2e8 sysfile.o
 .note.GNU-stack
                0x0000000000000000        0x0 sysproc.o
 .note.gnu.property
                0x0000000000000000       0x1c sysproc.o
 .eh_frame      0x0000000000000000      0x174 sysproc.o
 .note.GNU-stack
                0x0000000000000000        0x0 trap.o
 .note.gnu.property
                0x0000000000000000       0x1c trap.o
 .eh_frame      0x0000000000000000       0x98 trap.o
 .note.GNU-stack
                0x0000000000000000        0x0 uart.o
 .note.gnu.property
                0x0000000000000000       0x1c uart.o
 .eh_frame      0x0000000000000000       0xd0 uart.o
 .note.GNU-stack
                0x0000000000000000        0x0 vm.o
 .note.gnu.property
                0x0000000000000000       0x1c vm.o
 .eh_frame      0x0000000000000000      0x3c4 vm.o

Memory Configuration

Name             Origin             Length             Attributes
*default*        0x0000000000000000 0xffffffffffffffff

Linker script and memory map

                0x0000000080100000                . = 0x80100000

.text           0x0000000080100000     0x728a load address 0x0000000000100000
 *(.text .stub .text.* .gnu.linkonce.t.*)
 .text          0x0000000080100000       0x34 entry.o
                0x0000000080100000                multiboot_header
                0x000000008010000c                entry
                0x000000010010000c                _start
 *fill*         0x0000000080100034        0xc 
 .text          0x0000000080100040      0x242 bio.o
                0x0000000080100040                binit
                0x00000000801000d0                bread
                0x00000000801001b0                bwrite
                0x00000000801001f0                brelse
 *fill*         0x0000000080100282        0xe 
 .text          0x0000000080100290      0x7e7 console.o
                0x0000000080100290                consoleread
                0x0000000080100390                panic
                0x0000000080100640                consolewrite
                0x00000000801006b0                cprintf
                0x0000000080100860                consoleintr
                0x0000000080100a30                consoleinit
 *fill*         0x0000000080100a77        0x9 
 .text          0x0000000080100a80      0x369 exec.o
                0x0000000080100a80                exec
 *fill*         0x0000000080100de9        0x7 
 .text          0x0000000080100df0      0x3c3 file.o
                0x0000000080100df0                fileinit
                0x0000000080100e10                filealloc
                0x0000000080100e80                filedup
                0x0000000080100ed0                fileclose
                0x0000000080100fb0                filestat
                0x0000000080101000                fileread
                0x00000000801010a0                filewrite
 *fill*         0x00000000801011b3        0xd 
 .text          0x00000000801011c0      0xeb8 fs.o
                0x0000000080101510                readsb
                0x0000000080101550                iinit
                0x00000000801015f0                ialloc
                0x00000000801016b0                iupdate
                0x0000000080101740                idup
                0x0000000080101770                ilock
                0x0000000080101850                iunlock
                0x00000000801018a0                iput
                0x0000000080101a10                iunlockput
                0x0000000080101a40                stati
                0x0000000080101a70                readi
                0x0000000080101b70                writei
                0x0000000080101ca0                namecmp
                0x0000000080101cc0                dirlookup
                0x0000000080101f80                dirlink
                0x0000000080102040                namei
                0x0000000080102060                nameiparent
 *fill*         0x0000000080102078        0x8 
 .text          0x0000000080102080      0x30e ide.o
                0x0000000080102160                ideinit
                0x00000000801021f0                ideintr
                0x0000000080102290                iderw
 *fill*         0x000000008010238e        0x2 
 .text          0x0000000080102390       0xe7 ioapic.o
                0x0000000080102390                ioapicinit
                0x0000000080102440                ioapicenable
 *fill*         0x0000000080102477        0x9 
 .text          0x0000000080102480      0x22e kalloc.o
                0x0000000080102480                kfree
                0x0000000080102520                freerange
                0x0000000080102570                kinit1
                0x00000000801025e0                kinit2
                0x0000000080102640                kalloc
 *fill*         0x00000000801026ae        0x2 
 .text          0x00000000801026b0       0xf9 kbd.o
                0x00000000801026b0                kbdgetc
                0x0000000080102790                kbdintr
 *fill*         0x00000000801027a9        0x7 
 .text          0x00000000801027b0      0x3e2 lapic.o
                0x00000000801027b0                lapicinit
                0x00000000801028b0                lapicid
                0x00000000801028d0                lapiceoi
                0x00000000801028f0                microdelay
                0x0000000080102900                lapicstartap
                0x00000000801029a0                cmostime
 *fill*         0x0000000080102b92        0xe 
 .text          0x0000000080102ba0      0x448 log.o
                0x0000000080102ca0                initlog
                0x0000000080102d40                begin_op
                0x0000000080102db0                end_op
                0x0000000080102f20                log_write
 *fill*         0x0000000080102fe8        0x8 
 .text          0x0000000080102ff0       0x5e main.o
 *fill*         0x000000008010304e        0x2 
 .text.startup  0x0000000080103050      0x12c main.o
                0x0000000080103050                main
 *fill*         0x000000008010317c        0x4 
 .text          0x0000000080103180      0x25a mp.o
                0x0000000080103200                mpinit
 *fill*         0x00000000801033da        0x6 
 .text          0x00000000801033e0       0x16 picirq.o
                0x00000000801033e0                picinit
 *fill*         0x00000000801033f6        0xa 
 .text          0x0000000080103400      0x39b pipe.o
                0x0000000080103400                pipealloc
                0x0000000080103510                pipeclose
                0x00000000801035b0                pipewrite
                0x00000000801036b0                piperead
 *fill*         0x000000008010379b        0x5 
 .text          0x00000000801037a0      0xb18 proc.o
                0x0000000080103870                forkret
                0x00000000801038c0                pinit
                0x00000000801038e0                mycpu
                0x0000000080103950                cpuid
                0x0000000080103970                myproc
                0x00000000801039a0                userinit
                0x0000000080103aa0                growproc
                0x0000000080103b20                fork
                0x0000000080103c50                scheduler
                0x0000000080103cf0                sched
                0x0000000080103db0                exit
                0x0000000080103ef0                yield
                0x0000000080103f40                sleep
                0x0000000080104000                wait
                0x0000000080104100                wakeup
                0x0000000080104160                kill
                0x00000000801041f0                procdump
 *fill*         0x00000000801042b8        0x8 
 .text          0x00000000801042c0      0x135 sleeplock.o
                0x00000000801042c0                initsleeplock
                0x0000000080104300                acquiresleep
                0x0000000080104360                releasesleep
                0x00000000801043a0                holdingsleep
 *fill*         0x00000000801043f5        0xb 
 .text          0x0000000080104400      0x28a spinlock.o
                0x0000000080104400                initlock
                0x0000000080104420                getcallerpcs
                0x0000000080104480                pushcli
                0x00000000801044d0                popcli
                0x0000000080104530                holding
                0x0000000080104580                acquire
                0x0000000080104640                release
 *fill*         0x000000008010468a        0x6 
 .text          0x0000000080104690      0x223 string.o
                0x0000000080104690                memset
                0x00000000801046e0                memcmp
                0x0000000080104730                memmove
                0x0000000080104790                memcpy
                0x00000000801047a0                strncmp
                0x00000000801047f0                strncpy
                0x0000000080104850                safestrcpy
                0x0000000080104890                strlen
 .text          0x00000000801048b3       0x15 swtch.o
                0x00000000801048b3                swtch
 *fill*         0x00000000801048c8        0x8 
 .text          0x00000000801048d0      0x1f4 syscall.o
                0x00000000801048d0                fetchint
                0x0000000080104920                fetchstr
                0x0000000080104980                argint
                0x00000000801049b0                argptr
                0x0000000080104a20                argstr
                0x0000000080104a60                syscall
 *fill*         0x0000000080104ac4        0xc 
 .text          0x0000000080104ad0      0xbe9 sysfile.o
                0x0000000080104cc0                sys_dup
                0x0000000080104d30                sys_read
                0x0000000080104da0                sys_write
                0x0000000080104e10                sys_close
                0x0000000080104e60                sys_fstat
                0x0000000080104eb0                sys_link
                0x0000000080105000                sys_unlink
                0x00000000801051e0                sys_open
                0x0000000080105320                sys_mkdir
                0x0000000080105390                sys_mknod
                0x0000000080105430                sys_chdir
                0x00000000801054e0                sys_exec
                0x00000000801055e0                sys_pipe
 *fill*         0x00000000801056b9        0x7 
 .text          0x00000000801056c0      0x26f sysproc.o
                0x00000000801056c0                sys_fork
                0x00000000801056d0                sys_exit
                0x00000000801056f0                sys_wait
                0x0000000080105700                sys_kill
                0x0000000080105740                sys_getpid
                0x0000000080105760                sys_sbrk
                0x00000000801057b0                sys_sleep
                0x0000000080105860                sys_uptime
                0x0000000080105890                sys_mprotect
                0x00000000801058e0                sys_munprotect
 .text          0x000000008010592f       0x23 trapasm.o
                0x000000008010592f                alltraps
                0x0000000080105947                trapret
 *fill*         0x0000000080105952        0xe 
 .text          0x0000000080105960      0x2ff trap.o
                0x0000000080105960                tvinit
                0x00000000801059e0                idtinit
                0x0000000080105a10                trap
 *fill*         0x0000000080105c5f        0x1 
 .text          0x0000000080105c60      0x189 uart.o
                0x0000000080105ce0                uartinit
                0x0000000080105da0                uartputc
                0x0000000080105dd0                uartintr
 .text          0x0000000080105de9      0xa72 vectors.o
                0x0000000080105de9                vector0
                0x0000000080105df2                vector1
                0x0000000080105dfb                vector2
                0x0000000080105e04                vector3
                0x0000000080105e0d                vector4
                0x0000000080105e16                vector5
                0x0000000080105e1f                vector6
                0x0000000080105e28                vector7
                0x0000000080105e31                vector8
                0x0000000080105e38                vector9
                0x0000000080105e41                vector10
                0x0000000080105e48                vector11
                0x0000000080105e4f                vector12
                0x0000000080105e56                vector13
                0x0000000080105e5d                vector14
                0x0000000080105e64                vector15
                0x0000000080105e6d                vector16
                0x0000000080105e76                vector17
                0x0000000080105e7d                vector18
                0x0000000080105e86                vector19
                0x0000000080105e8f                vector20
                0x0000000080105e98                vector21
                0x0000000080105ea1                vector22
                0x0000000080105eaa                vector23
                0x0000000080105eb3                vector24
                0x0000000080105ebc                vector25
                0x0000000080105ec5                vector26
                0x0000000080105ece                vector27
                0x0000000080105ed7                vector28
                0x0000000080105ee0                vector29
                0x0000000080105ee9                vector30
                0x0000000080105ef2                vector31
                0x0000000080105efb                vector32
                0x0000000080105f04                vector33
                0x0000000080105f0d                vector34
                0x0000000080105f16                vector35
                0x0000000080105f1f                vector36
                0x0000000080105f28                vector37
                0x0000000080105f31                vector38
                0x0000000080105f3a                vector39
                0x0000000080105f43                vector40
                0x0000000080105f4c                vector41
                0x0000000080105f55                vector42
                0x0000000080105f5e                vector43
                0x0000000080105f67                vector44
                0x0000000080105f70                vector45
                0x0000000080105f79                vector46
                0x0000000080105f82                vector47
                0x0000000080105f8b                vector48
                0x0000000080105f94                vector49
                0x0000000080105f9d                vector50
                0x0000000080105fa6                vector51
                0x0000000080105faf                vector52
                0x0000000080105fb8                vector53
                0x0000000080105fc1                vector54
                0x0000000080105fca                vector55
                0x0000000080105fd3                vector56
                0x0000000080105fdc                vector57
                0x0000000080105fe5                vector58
                0x0000000080105fee                vector59
                0x0000000080105ff7                vector60
                0x0000000080106000                vector61
                0x0000000080106009                vector62
                0x0000000080106012                vector63
                0x000000008010601b                vector64
                0x0000000080106024                vector65
                0x000000008010602d                vector66
                0x0000000080106036                vector67
                0x000000008010603f                vector68
                0x0000000080106048                vector69
                0x0000000080106051                vector70
                0x000000008010605a                vector71
                0x0000000080106063                vector72
                0x000000008010606c                vector73
                0x0000000080106075                vector74
                0x000000008010607e                vector75
                0x0000000080106087                vector76
                0x0000000080106090                vector77
                0x0000000080106099                vector78
                0x00000000801060a2                vector79
                0x00000000801060ab                vector80
                0x00000000801060b4                vector81
                0x00000000801060bd                vector82
                0x00000000801060c6                vector83
                0x00000000801060cf                vector84
                0x00000000801060d8                vector85
                0x00000000801060e1                vector86
                0x00000000801060ea                vector87
                0x00000000801060f3                vector88
                0x00000000801060fc                vector89
                0x0000000080106105                vector90
                0x000000008010610e                vector91
                0x0000000080106117                vector92
                0x0000000080106120                vector93
                0x0000000080106129                vector94
                0x0000000080106132                vector95
                0x000000008010613b                vector96
                0x0000000080106144                vector97
                0x000000008010614d                vector98
                0x0000000080106156                vector99
                0x000000008010615f                vector100
                0x0000000080106168                vector101
                0x0000000080106171                vector102
                0x000000008010617a                vector103
                0x0000000080106183                vector104
                0x000000008010618c                vector105
                0x0000000080106195                vector106
                0x000000008010619e                vector107
                0x00000000801061a7                vector108
                0x00000000801061b0                vector109
                0x00000000801061b9                vector110
                0x00000000801061c2                vector111
                0x00000000801061cb                vector112
                0x00000000801061d4                vector113
                0x00000000801061dd                vector114
                0x00000000801061e6                vector115
                0x00000000801061ef                vector116
                0x00000000801061f8                vector117
                0x0000000080106201                vector118
                0x000000008010620a                vector119
                0x0000000080106213                vector120
                0x000000008010621c                vector121
                0x0000000080106225                vector122
                0x000000008010622e                vector123
                0x0000000080106237                vector124
                0x0000000080106240                vector125
                0x0000000080106249                vector126
                0x0000000080106252                vector127
                0x000000008010625b                vector128
                0x0000000080106267                vector129
                0x0000000080106273                vector130
                0x000000008010627f                vector131
                0x000000008010628b                vector132
                0x0000000080106297                vector133
                0x00000000801062a3                vector134
                0x00000000801062af                vector135
                0x00000000801062bb                vector136
                0x00000000801062c7                vector137
                0x00000000801062d3                vector138
                0x00000000801062df                vector139
                0x00000000801062eb                vector140
                0x00000000801062f7                vector141
                0x0000000080106303                vector142
                0x000000008010630f                vector143
                0x000000008010631b                vector144
                0x0000000080106327                vector145
                0x0000000080106333                vector146
                0x000000008010633f                vector147
                0x000000008010634b                vector148
                0x0000000080106357                vector149
                0x0000000080106363                vector150
                0x000000008010636f                vector151
                0x000000008010637b                vector152
                0x0000000080106387                vector153
                0x0000000080106393                vector154
                0x000000008010639f                vector155
                0x00000000801063ab                vector156
                0x00000000801063b7                vector157
                0x00000000801063c3                vector158
                0x00000000801063cf                vector159
                0x00000000801063db                vector160
                0x00000000801063e7                vector161
                0x00000000801063f3                vector162
                0x00000000801063ff                vector163
                0x000000008010640b                vector164
                0x0000000080106417                vector165
                0x0000000080106423                vector166
                0x000000008010642f                vector167
                0x000000008010643b                vector168
                0x0000000080106447                vector169
                0x0000000080106453                vector170
                0x000000008010645f                vector171
                0x000000008010646b                vector172
                0x0000000080106477                vector173
                0x0000000080106483                vector174
                0x000000008010648f                vector175
                0x000000008010649b                vector176
                0x00000000801064a7                vector177
                0x00000000801064b3                vector178
                0x00000000801064bf                vector179
                0x00000000801064cb                vector180
                0x00000000801064d7                vector181
                0x00000000801064e3                vector182
                0x00000000801064ef                vector183
                0x00000000801064fb                vector184
                0x0000000080106507                vector185
                0x0000000080106513                vector186
                0x000000008010651f                vector187
                0x000000008010652b                vector188
                0x0000000080106537                vector189
                0x0000000080106543                vector190
                0x000000008010654f                vector191
                0x000000008010655b                vector192
                0x0000000080106567                vector193
                0x0000000080106573                vector194
                0x000000008010657f                vector195
                0x000000008010658b                vector196
                0x0000000080106597                vector197
                0x00000000801065a3                vector198
                0x00000000801065af                vector199
                0x00000000801065bb                vector200
                0x00000000801065c7                vector201
                0x00000000801065d3                vector202
                0x00000000801065df                vector203
                0x00000000801065eb                vector204
                0x00000000801065f7                vector205
                0x0000000080106603                vector206
                0x000000008010660f                vector207
                0x000000008010661b                vector208
                0x0000000080106627                vector209
                0x0000000080106633                vector210
                0x000000008010663f                vector211
                0x000000008010664b                vector212
                0x0000000080106657                vector213
                0x0000000080106663                vector214
                0x000000008010666f                vector215
                0x000000008010667b                vector216
                0x0000000080106687                vector217
                0x0000000080106693                vector218
                0x000000008010669f                vector219
                0x00000000801066ab                vector220
                0x00000000801066b7                vector221
                0x00000000801066c3                vector222
                0x00000000801066cf                vector223
                0x00000000801066db                vector224
                0x00000000801066e7                vector225
                0x00000000801066f3                vector226
                0x00000000801066ff                vector227
                0x000000008010670b                vector228
                0x0000000080106717                vector229
                0x0000000080106723                vector230
                0x000000008010672f                vector231
                0x000000008010673b                vector232
                0x0000000080106747                vector233
                0x0000000080106753                vector234
                0x000000008010675f                vector235
                0x000000008010676b                vector236
                0x0000000080106777                vector237
                0x0000000080106783                vector238
                0x000000008010678f                vector239
                0x000000008010679b                vector240
                0x00000000801067a7                vector241
                0x00000000801067b3                vector242
                0x00000000801067bf                vector243
                0x00000000801067cb                vector244
                0x00000000801067d7                vector245
                0x00000000801067e3                vector246
                0x00000000801067ef                vector247
                0x00000000801067fb                vector248
                0x0000000080106807                vector249
                0x0000000080106813                vector250
                0x000000008010681f                vector251
                0x000000008010682b                vector252
                0x0000000080106837                vector253
                0x0000000080106843                vector254
                0x000000008010684f                vector255
 *fill*         0x000000008010685b        0x5 
 .text          0x0000000080106860      0xa2a vm.o
                0x0000000080106a20                seginit
                0x0000000080106ab0                switchkvm
                0x0000000080106ad0                switchuvm
                0x0000000080106be0                inituvm
                0x0000000080106c60                loaduvm
                0x0000000080106d30                allocuvm
                0x0000000080106e60                deallocuvm
                0x0000000080106e90                freevm
                0x0000000080106f10                setupkvm
                0x0000000080106f90                kvmalloc
                0x0000000080106fb0                clearpteu
                0x0000000080106fe0                copyuvm
                0x00000000801070e0                uva2ka
                0x0000000080107120                copyout
                0x00000000801071b0                mprotect
                0x0000000080107220                munprotect
                [!provide]                        PROVIDE (etext = .)

.iplt           0x000000008010728a        0x0 load address 0x000000000010728a
 .iplt          0x000000008010728a        0x0 entry.o

.rodata         0x00000000801072a0      0x9d3 load address 0x00000000001072a0
 *(.rodata .rodata.* .gnu.linkonce.r.*)
 .rodata.str1.1
                0x00000000801072a0       0x2d bio.o
 .rodata.str1.1
                0x00000000801072cd       0x43 console.o
                                         0x45 (size before relaxing)
 .rodata        0x0000000080107310       0x11 console.o
 .rodata.str1.1
                0x0000000080107321        0xc exec.o
 .rodata.str1.1
                0x000000008010732d       0x32 file.o
                                         0x3c (size before relaxing)
 .rodata.str1.1
                0x000000008010735f       0xb6 fs.o
                                         0xbe (size before relaxing)
 *fill*         0x0000000080107415        0x3 
 .rodata.str1.4
                0x0000000080107418       0x53 fs.o
 .rodata.str1.1
                0x000000008010746b       0x68 ide.o
 *fill*         0x00000000801074d3        0x1 
 .rodata.str1.4
                0x00000000801074d4       0x32 ioapic.o
 .rodata.str1.1
                0x0000000080107506        0xb kalloc.o
 *fill*         0x0000000080107511        0xf 
 .rodata        0x0000000080107520      0x220 kbd.o
 .rodata.str1.1
                0x0000000080107740       0x44 log.o
 .rodata.str1.1
                0x0000000080107784       0x14 main.o
 .rodata.str1.1
                0x0000000080107798       0x22 mp.o
 *fill*         0x00000000801077ba        0x2 
 .rodata.str1.4
                0x00000000801077bc       0x1f mp.o
 .rodata.str1.1
                0x00000000801077db        0x5 pipe.o
 .rodata.str1.1
                0x00000000801077e0       0xe2 proc.o
                                         0xe8 (size before relaxing)
 *fill*         0x00000000801078c2        0x2 
 .rodata.str1.4
                0x00000000801078c4       0x26 proc.o
 *fill*         0x00000000801078ea        0x2 
 .rodata        0x00000000801078ec       0x18 proc.o
 .rodata.str1.1
                0x0000000080107904        0xb sleeplock.o
 .rodata.str1.1
                0x000000008010790f       0x2e spinlock.o
 .rodata.str1.1
                0x000000008010793d       0x1c syscall.o
 *fill*         0x0000000080107959        0x7 
 .rodata        0x0000000080107960       0x60 syscall.o
 .rodata.str1.1
                0x00000000801079c0       0x61 sysfile.o
                                         0x63 (size before relaxing)
 .rodata.str1.1
                0x0000000080107a21        0xa trap.o
 *fill*         0x0000000080107a2b        0x1 
 .rodata.str1.4
                0x0000000080107a2c       0x9b trap.o
 *fill*         0x0000000080107ac7        0x1 
 .rodata        0x0000000080107ac8       0x80 trap.o
 .rodata.str1.1
                0x0000000080107b48        0x8 uart.o
 .rodata.str1.1
                0x0000000080107b50      0x100 vm.o
                                        0x106 (size before relaxing)
 .rodata.str1.4
                0x0000000080107c50       0x23 vm.o

.rel.dyn        0x0000000080107c74        0x0 load address 0x0000000000107c74
 .rel.got       0x0000000080107c74        0x0 entry.o
 .rel.iplt      0x0000000080107c74        0x0 entry.o
 .rel.text      0x0000000080107c74        0x0 entry.o
 .rel.text.startup
                0x0000000080107c74        0x0 entry.o
 .rel.data      0x0000000080107c74        0x0 entry.o

.stab           0x0000000080107c73        0x0
                [!provide]                        PROVIDE (__STAB_BEGIN__ = .)
 *(.stab)
                [!provide]                        PROVIDE (__STAB_END__ = .)

.stabstr        0x0000000080107c73        0x0
                [!provide]                        PROVIDE (__STABSTR_BEGIN__ = .)
 *(.stabstr)
                [!provide]                        PROVIDE (__STABSTR_END__ = .)
                0x0000000080108000                . = ALIGN (0x1000)
                0x0000000080108000                PROVIDE (data = .)

.data           0x0000000080108000     0x251a load address 0x0000000000108000
 *(.data)
 .data          0x0000000080108000        0x0 entry.o
 .data          0x0000000080108000        0x0 bio.o
 .data          0x0000000080108000        0x0 console.o
 .data          0x0000000080108000        0x0 exec.o
 .data          0x0000000080108000        0x0 file.o
 .data          0x0000000080108000        0x0 fs.o
 .data          0x0000000080108000        0x0 ide.o
 .data          0x0000000080108000        0x0 ioapic.o
 .data          0x0000000080108000        0x0 kalloc.o
 .data          0x0000000080108000      0x300 kbd.o
 .data          0x0000000080108300        0x0 lapic.o
 .data          0x0000000080108300        0x0 log.o
 *fill*         0x0000000080108300      0xd00 
 .data          0x0000000080109000     0x1000 main.o
                0x0000000080109000                entrypgdir
 .data          0x000000008010a000        0x0 mp.o
 .data          0x000000008010a000        0x0 picirq.o
 .data          0x000000008010a000        0x0 pipe.o
 .data          0x000000008010a000        0x8 proc.o
                0x000000008010a004                nextpid
 .data          0x000000008010a008        0x0 sleeplock.o
 .data          0x000000008010a008        0x0 spinlock.o
 .data          0x000000008010a008        0x0 string.o
 .data          0x000000008010a008        0x0 swtch.o
 .data          0x000000008010a008        0x0 syscall.o
 .data          0x000000008010a008        0x0 sysfile.o
 .data          0x000000008010a008        0x0 sysproc.o
 .data          0x000000008010a008        0x0 trapasm.o
 .data          0x000000008010a008        0x0 trap.o
 .data          0x000000008010a008        0x0 uart.o
 .data          0x000000008010a008      0x400 vectors.o
                0x000000008010a008                vectors
 *fill*         0x000000008010a408       0x18 
 .data          0x000000008010a420       0x40 vm.o
 .data          0x000000008010a460       0x30 initcode
                0x000000008010a460                _binary_initcode_start
                0x000000008010a490                _binary_initcode_end
 .data          0x000000008010a490       0x8a entryother
                0x000000008010a490                _binary_entryother_start
                0x000000008010a51a                _binary_entryother_end
                [!provide]                        PROVIDE (edata = .)

.got            0x000000008010a51c        0x0 load address 0x000000000010a51c
 .got           0x000000008010a51c        0x0 entry.o

.got.plt        0x000000008010a51c        0x0 load address 0x000000000010a51c
 .got.plt       0x000000008010a51c        0x0 entry.o

.igot.plt       0x000000008010a51c        0x0 load address 0x000000000010a51c
 .igot.plt      0x000000008010a51c        0x0 entry.o

.bss            0x000000008010a520     0xb088 load address 0x000000000010a520
 *(.bss)
 .bss           0x000000008010a520        0x0 entry.o
 .bss           0x000000008010a520        0x0 bio.o
 .bss           0x000000008010a520       0x3c console.o
 .bss           0x000000008010a55c        0x0 exec.o
 .bss           0x000000008010a55c        0x0 file.o
 .bss           0x000000008010a55c        0x0 fs.o
 *fill*         0x000000008010a55c        0x4 
 .bss           0x000000008010a560       0x54 ide.o
 .bss           0x000000008010a5b4        0x0 ioapic.o
 .bss           0x000000008010a5b4        0x0 kalloc.o
 .bss           0x000000008010a5b4        0x4 kbd.o
 .bss           0x000000008010a5b8        0x0 lapic.o
 .bss           0x000000008010a5b8        0x0 log.o
 .bss           0x000000008010a5b8        0x0 main.o
 .bss           0x000000008010a5b8        0x0 mp.o
 .bss           0x000000008010a5b8        0x0 picirq.o
 .bss           0x000000008010a5b8        0x0 pipe.o
 .bss           0x000000008010a5b8        0x4 proc.o
 .bss           0x000000008010a5bc        0x0 sleeplock.o
 .bss           0x000000008010a5bc        0x0 spinlock.o
 .bss           0x000000008010a5bc        0x0 string.o
 .bss           0x000000008010a5bc        0x0 swtch.o
 .bss           0x000000008010a5bc        0x0 syscall.o
 .bss           0x000000008010a5bc        0x0 sysfile.o
 .bss           0x000000008010a5bc        0x0 sysproc.o
 .bss           0x000000008010a5bc        0x0 trapasm.o
 .bss           0x000000008010a5bc        0x0 trap.o
 .bss           0x000000008010a5bc        0x4 uart.o
 .bss           0x000000008010a5c0        0x0 vectors.o
 .bss           0x000000008010a5c0        0x0 vm.o
 COMMON         0x000000008010a5c0     0x1000 entry.o
                0x000000008010a5c0                stack
 COMMON         0x000000008010b5c0     0x4958 bio.o
                0x000000008010b5c0                bcache
 *fill*         0x000000008010ff18        0x8 
 COMMON         0x000000008010ff20       0x8c console.o
                0x000000008010ff20                input
 *fill*         0x000000008010ffac       0x14 
 COMMON         0x000000008010ffc0      0x9f0 file.o
                0x000000008010ffc0                ftable
                0x0000000080110960                devsw
 *fill*         0x00000000801109b0       0x10 
 COMMON         0x00000000801109c0     0x1c74 fs.o
                0x00000000801109c0                sb
                0x00000000801109e0                icache
 COMMON         0x0000000080112634        0x4 ioapic.o
                0x0000000080112634                ioapic
 *fill*         0x0000000080112638        0x8 
 COMMON         0x0000000080112640       0x3c kalloc.o
                0x0000000080112640                kmem
 COMMON         0x000000008011267c        0x4 lapic.o
                0x000000008011267c                lapic
 COMMON         0x0000000080112680       0xc4 log.o
                0x0000000080112680                log
 *fill*         0x0000000080112744       0x1c 
 COMMON         0x0000000080112760      0x5a4 mp.o
                0x0000000080112760                ioapicid
                0x0000000080112780                cpus
                0x0000000080112d00                ncpu
 *fill*         0x0000000080112d04       0x1c 
 COMMON         0x0000000080112d20     0x2034 proc.o
                0x0000000080112d20                ptable
 *fill*         0x0000000080114d54        0xc 
 COMMON         0x0000000080114d60      0x844 trap.o
                0x0000000080114d60                tickslock
                0x0000000080114da0                idt
                0x00000000801155a0                ticks
 COMMON         0x00000000801155a4        0x4 vm.o
                0x00000000801155a4                kpgdir
                0x00000000801155a8                PROVIDE (end = .)

/DISCARD/
 *(.eh_frame .note.GNU-stack)
LOAD entry.o
LOAD bio.o
LOAD console.o
LOAD exec.o
LOAD file.o
LOAD fs.o
LOAD ide.o
LOAD ioapic.o
LOAD kalloc.o
LOAD kbd.o
LOAD lapic.o
LOAD log.o
LOAD main.o
LOAD mp.o
LOAD picirq.o
LOAD pipe.o
LOAD proc.o
LOAD sleeplock.o
LOAD spinlock.o
LOAD string.o
LOAD swtch.o
LOAD syscall.o
LOAD sysfile.o
LOAD sysproc.o
LOAD trapasm.o
LOAD trap.o
LOAD uart.o
LOAD vectors.o
LOAD vm.o
TARGET(binary)
LOAD initcode
LOAD entryother
OUTPUT(kernel elf32-i386)

.debug_line     0x0000000000000000     0x6e44
 .debug_line    0x0000000000000000       0x41 entry.o
 .debug_line    0x0000000000000041      0x286 bio.o
 .debug_line    0x00000000000002c7      0x8fd console.o
 .debug_line    0x0000000000000bc4      0x2e9 exec.o
 .debug_line    0x0000000000000ead      0x2e9 file.o
 .debug_line    0x0000000000001196      0xc4a fs.o
 .debug_line    0x0000000000001de0      0x435 ide.o
 .debug_line    0x0000000000002215      0x1d6 ioapic.o
 .debug_line    0x00000000000023eb      0x232 kalloc.o
 .debug_line    0x000000000000261d      0x18c kbd.o
 .debug_line    0x00000000000027a9      0x8ac lapic.o
 .debug_line    0x0000000000003055      0x415 log.o
 .debug_line    0x000000000000346a      0x152 main.o
 .debug_line    0x00000000000035bc      0x2c8 mp.o
 .debug_line    0x0000000000003884       0x72 picirq.o
 .debug_line    0x00000000000038f6      0x36d pipe.o
 .debug_line    0x0000000000003c63      0xae7 proc.o
 .debug_line    0x000000000000474a      0x164 sleeplock.o
 .debug_line    0x00000000000048ae      0x387 spinlock.o
 .debug_line    0x0000000000004c35      0x2cc string.o
 .debug_line    0x0000000000004f01       0x43 swtch.o
 .debug_line    0x0000000000004f44      0x249 syscall.o
 .debug_line    0x000000000000518d      0x8f2 sysfile.o
 .debug_line    0x0000000000005a7f      0x1ed sysproc.o
 .debug_line    0x0000000000005c6c       0x48 trapasm.o
 .debug_line    0x0000000000005cb4      0x2c3 trap.o
 .debug_line    0x0000000000005f77      0x290 uart.o
 .debug_line    0x0000000000006207      0x32f vectors.o
 .debug_line    0x0000000000006536      0x90e vm.o

.debug_info     0x0000000000000000    0x12523
 .debug_info    0x0000000000000000       0x26 entry.o
 .debug_info    0x0000000000000026      0x473 bio.o
 .debug_info    0x0000000000000499     0x1488 console.o
 .debug_info    0x0000000000001921      0xb9f exec.o
 .debug_info    0x00000000000024c0      0x714 file.o
 .debug_info    0x0000000000002bd4     0x1bbf fs.o
 .debug_info    0x0000000000004793      0xf1d ide.o
 .debug_info    0x00000000000056b0      0x2e4 ioapic.o
 .debug_info    0x0000000000005994      0x3d3 kalloc.o
 .debug_info    0x0000000000005d67      0x266 kbd.o
 .debug_info    0x0000000000005fcd      0xf2b lapic.o
 .debug_info    0x0000000000006ef8      0x773 log.o
 .debug_info    0x000000000000766b      0xb04 main.o
 .debug_info    0x000000000000816f      0xda1 mp.o
 .debug_info    0x0000000000008f10       0xf0 picirq.o
 .debug_info    0x0000000000009000      0xb0f pipe.o
 .debug_info    0x0000000000009b0f     0x153a proc.o
 .debug_info    0x000000000000b049      0x92a sleeplock.o
 .debug_info    0x000000000000b973      0xb51 spinlock.o
 .debug_info    0x000000000000c4c4      0x45b string.o
 .debug_info    0x000000000000c91f       0x26 swtch.o
 .debug_info    0x000000000000c945      0x9b4 syscall.o
 .debug_info    0x000000000000d2f9     0x1698 sysfile.o
 .debug_info    0x000000000000e991      0xa30 sysproc.o
 .debug_info    0x000000000000f3c1       0x26 trapasm.o
 .debug_info    0x000000000000f3e7      0xbe2 trap.o
 .debug_info    0x000000000000ffc9      0xdce uart.o
 .debug_info    0x0000000000010d97       0x26 vectors.o
 .debug_info    0x0000000000010dbd     0x1766 vm.o

.debug_abbrev   0x0000000000000000     0x3f6f
 .debug_abbrev  0x0000000000000000       0x14 entry.o
 .debug_abbrev  0x0000000000000014      0x21e bio.o
 .debug_abbrev  0x0000000000000232      0x485 console.o
 .debug_abbrev  0x00000000000006b7      0x1b2 exec.o
 .debug_abbrev  0x0000000000000869      0x1e8 file.o
 .debug_abbrev  0x0000000000000a51      0x570 fs.o
 .debug_abbrev  0x0000000000000fc1      0x2d5 ide.o
 .debug_abbrev  0x0000000000001296      0x1dc ioapic.o
 .debug_abbrev  0x0000000000001472      0x232 kalloc.o
 .debug_abbrev  0x00000000000016a4      0x186 kbd.o
 .debug_abbrev  0x000000000000182a      0x282 lapic.o
 .debug_abbrev  0x0000000000001aac      0x243 log.o
 .debug_abbrev  0x0000000000001cef      0x24a main.o
 .debug_abbrev  0x0000000000001f39      0x2bc mp.o
 .debug_abbrev  0x00000000000021f5       0xa4 picirq.o
 .debug_abbrev  0x0000000000002299      0x222 pipe.o
 .debug_abbrev  0x00000000000024bb      0x43d proc.o
 .debug_abbrev  0x00000000000028f8      0x1be sleeplock.o
 .debug_abbrev  0x0000000000002ab6      0x2da spinlock.o
 .debug_abbrev  0x0000000000002d90      0x140 string.o
 .debug_abbrev  0x0000000000002ed0       0x14 swtch.o
 .debug_abbrev  0x0000000000002ee4      0x1fd syscall.o
 .debug_abbrev  0x00000000000030e1      0x344 sysfile.o
 .debug_abbrev  0x0000000000003425      0x18e sysproc.o
 .debug_abbrev  0x00000000000035b3       0x14 trapasm.o
 .debug_abbrev  0x00000000000035c7      0x24b trap.o
 .debug_abbrev  0x0000000000003812      0x2c2 uart.o
 .debug_abbrev  0x0000000000003ad4       0x14 vectors.o
 .debug_abbrev  0x0000000000003ae8      0x487 vm.o

.debug_aranges  0x0000000000000000      0x3a8
 .debug_aranges
                0x0000000000000000       0x20 entry.o
 .debug_aranges
                0x0000000000000020       0x20 bio.o
 .debug_aranges
                0x0000000000000040       0x20 console.o
 .debug_aranges
                0x0000000000000060       0x20 exec.o
 .debug_aranges
                0x0000000000000080       0x20 file.o
 .debug_aranges
                0x00000000000000a0       0x20 fs.o
 .debug_aranges
                0x00000000000000c0       0x20 ide.o
 .debug_aranges
                0x00000000000000e0       0x20 ioapic.o
 .debug_aranges
                0x0000000000000100       0x20 kalloc.o
 .debug_aranges
                0x0000000000000120       0x20 kbd.o
 .debug_aranges
                0x0000000000000140       0x20 lapic.o
 .debug_aranges
                0x0000000000000160       0x20 log.o
 .debug_aranges
                0x0000000000000180       0x28 main.o
 .debug_aranges
                0x00000000000001a8       0x20 mp.o
 .debug_aranges
                0x00000000000001c8       0x20 picirq.o
 .debug_aranges
                0x00000000000001e8       0x20 pipe.o
 .debug_aranges
                0x0000000000000208       0x20 proc.o
 .debug_aranges
                0x0000000000000228       0x20 sleeplock.o
 .debug_aranges
                0x0000000000000248       0x20 spinlock.o
 .debug_aranges
                0x0000000000000268       0x20 string.o
 .debug_aranges
                0x0000000000000288       0x20 swtch.o
 .debug_aranges
                0x00000000000002a8       0x20 syscall.o
 .debug_aranges
                0x00000000000002c8       0x20 sysfile.o
 .debug_aranges
                0x00000000000002e8       0x20 sysproc.o
 .debug_aranges
                0x0000000000000308       0x20 trapasm.o
 .debug_aranges
                0x0000000000000328       0x20 trap.o
 .debug_aranges
                0x0000000000000348       0x20 uart.o
 .debug_aranges
                0x0000000000000368       0x20 vectors.o
 .debug_aranges
                0x0000000000000388       0x20 vm.o

.debug_str      0x0000000000000000      0xedc
 .debug_str     0x0000000000000000       0x30 entry.o
 .debug_str     0x0000000000000030      0x1e4 bio.o
                                        0x237 (size before relaxing)
 .debug_str     0x0000000000000214      0x2b3 console.o
                                        0x4ca (size before relaxing)
 .debug_str     0x00000000000004c7      0x121 exec.o
                                        0x457 (size before relaxing)
 .debug_str     0x00000000000005e8       0x77 file.o
                                        0x2c6 (size before relaxing)
 .debug_str     0x000000000000065f       0xf1 fs.o
                                        0x56b (size before relaxing)
 .debug_str     0x0000000000000750       0x81 ide.o
                                        0x42e (size before relaxing)
 .debug_str     0x00000000000007d1       0x3a ioapic.o
                                        0x1b3 (size before relaxing)
 .debug_str     0x000000000000080b       0x51 kalloc.o
                                        0x1ea (size before relaxing)
 .debug_str     0x000000000000085c       0x54 kbd.o
                                        0x1c9 (size before relaxing)
 .debug_str     0x00000000000008b0       0x8b lapic.o
                                        0x215 (size before relaxing)
 .debug_str     0x000000000000093b       0x8b log.o
                                        0x2f6 (size before relaxing)
 .debug_str     0x00000000000009c6       0xc0 main.o
                                        0x45c (size before relaxing)
 .debug_str     0x0000000000000a86       0xa8 mp.o
                                        0x408 (size before relaxing)
 .debug_str     0x0000000000000b2e        0x9 picirq.o
                                        0x14d (size before relaxing)
 .debug_str     0x0000000000000b37       0x31 pipe.o
                                        0x42b (size before relaxing)
 .debug_str     0x0000000000000b68       0xd3 proc.o
                                        0x50a (size before relaxing)
 .debug_str     0x0000000000000c3b        0xc sleeplock.o
                                        0x387 (size before relaxing)
 .debug_str     0x0000000000000c47        0xb spinlock.o
                                        0x38b (size before relaxing)
 .debug_str     0x0000000000000c52       0x1c string.o
                                        0x18e (size before relaxing)
 .debug_str     0x0000000000000c6e        0x8 swtch.o
                                         0x30 (size before relaxing)
 .debug_str     0x0000000000000c76       0x42 syscall.o
                                        0x36b (size before relaxing)
 .debug_str     0x0000000000000cb8       0xb7 sysfile.o
                                        0x552 (size before relaxing)
 .debug_str     0x0000000000000d6f       0x81 sysproc.o
                                        0x3e3 (size before relaxing)
 .debug_str     0x0000000000000df0        0xa trapasm.o
                                         0x32 (size before relaxing)
 .debug_str     0x0000000000000dfa       0x48 trap.o
                                        0x3d2 (size before relaxing)
 .debug_str     0x0000000000000e42       0x15 uart.o
                                        0x3f4 (size before relaxing)
 .debug_str     0x0000000000000e57        0xa vectors.o
                                         0x32 (size before relaxing)
 .debug_str     0x0000000000000e61       0x7b vm.o
                                        0x48e (size before relaxing)

.debug_loc      0x0000000000000000     0x6a90
 .debug_loc     0x0000000000000000      0x126 bio.o
 .debug_loc     0x0000000000000126      0xaf9 console.o
 .debug_loc     0x0000000000000c1f      0x338 exec.o
 .debug_loc     0x0000000000000f57      0x2d0 file.o
 .debug_loc     0x0000000000001227      0xf52 fs.o
 .debug_loc     0x0000000000002179      0x4f6 ide.o
 .debug_loc     0x000000000000266f      0x15d ioapic.o
 .debug_loc     0x00000000000027cc      0x21d kalloc.o
 .debug_loc     0x00000000000029e9       0xc8 kbd.o
 .debug_loc     0x0000000000002ab1      0xac0 lapic.o
 .debug_loc     0x0000000000003571      0x257 log.o
 .debug_loc     0x00000000000037c8       0x90 main.o
 .debug_loc     0x0000000000003858      0x4ab mp.o
 .debug_loc     0x0000000000003d03       0x5c picirq.o
 .debug_loc     0x0000000000003d5f       0xb5 pipe.o
 .debug_loc     0x0000000000003e14      0x73d proc.o
 .debug_loc     0x0000000000004551       0x4e sleeplock.o
 .debug_loc     0x000000000000459f      0x237 spinlock.o
 .debug_loc     0x00000000000047d6      0x6b5 string.o
 .debug_loc     0x0000000000004e8b      0x145 syscall.o
 .debug_loc     0x0000000000004fd0      0x736 sysfile.o
 .debug_loc     0x0000000000005706       0x59 sysproc.o
 .debug_loc     0x000000000000575f       0x7f trap.o
 .debug_loc     0x00000000000057de      0x344 uart.o
 .debug_loc     0x0000000000005b22      0xf6e vm.o

.debug_ranges   0x0000000000000000      0xce8
 .debug_ranges  0x0000000000000000       0x18 bio.o
 .debug_ranges  0x0000000000000018      0x100 console.o
 .debug_ranges  0x0000000000000118       0x18 file.o
 .debug_ranges  0x0000000000000130       0xc8 fs.o
 .debug_ranges  0x00000000000001f8       0xe8 ide.o
 .debug_ranges  0x00000000000002e0       0x88 ioapic.o
 .debug_ranges  0x0000000000000368       0x38 kalloc.o
 .debug_ranges  0x00000000000003a0       0x20 kbd.o
 .debug_ranges  0x00000000000003c0      0x550 lapic.o
 .debug_ranges  0x0000000000000910       0x78 log.o
 .debug_ranges  0x0000000000000988       0x18 main.o
 .debug_ranges  0x00000000000009a0       0x58 mp.o
 .debug_ranges  0x00000000000009f8       0xf0 proc.o
 .debug_ranges  0x0000000000000ae8       0x60 spinlock.o
 .debug_ranges  0x0000000000000b48       0x18 string.o
 .debug_ranges  0x0000000000000b60       0x80 sysfile.o
 .debug_ranges  0x0000000000000be0       0x20 trap.o
 .debug_ranges  0x0000000000000c00       0x58 uart.o
 .debug_ranges  0x0000000000000c58       0x90 vm.o

.comment        0x0000000000000000       0x2a
 .comment       0x0000000000000000       0x2a bio.o
                                         0x2b (size before relaxing)
 .comment       0x000000000000002a       0x2b console.o
 .comment       0x000000000000002a       0x2b exec.o
 .comment       0x000000000000002a       0x2b file.o
 .comment       0x000000000000002a       0x2b fs.o
 .comment       0x000000000000002a       0x2b ide.o
 .comment       0x000000000000002a       0x2b ioapic.o
 .comment       0x000000000000002a       0x2b kalloc.o
 .comment       0x000000000000002a       0x2b kbd.o
 .comment       0x000000000000002a       0x2b lapic.o
 .comment       0x000000000000002a       0x2b log.o
 .comment       0x000000000000002a       0x2b main.o
 .comment       0x000000000000002a       0x2b mp.o
 .comment       0x000000000000002a       0x2b picirq.o
 .comment       0x000000000000002a       0x2b pipe.o
 .comment       0x000000000000002a       0x2b proc.o
 .comment       0x000000000000002a       0x2b sleeplock.o
 .comment       0x000000000000002a       0x2b spinlock.o
 .comment       0x000000000000002a       0x2b string.o
 .comment       0x000000000000002a       0x2b syscall.o
 .comment       0x000000000000002a       0x2b sysfile.o
 .comment       0x000000000000002a       0x2b sysproc.o
 .comment       0x000000000000002a       0x2b trap.o
 .comment       0x000000000000002a       0x2b uart.o
 .comment       0x000000000000002a       0x2b vm.o
